// Jest Snapshot v1, https://goo.gl/fbAQLP

exports[`renders a .Footer by default 1`] = `
<div
  className="Footer"
>
  <div
    className="contacts"
  >
    <a
      href="https://github.com/Lmcmaaser"
      target="_blank"
    >
      <GrGithub />
    </a>
  </div>
  <div
    className="contacts"
  >
    <a
      href="mailto:lmcmaaser@gmail.com"
      target="_blank"
    >
      <GrMailOption />
    </a>
  </div>
  <div
    className="contacts"
  >
    <a
      href="https://www.linkedin.com/in/laurenmaaser"
      target="_blank"
    >
      <GrLinkedinOption />
    </a>
  </div>
</div>
`;
