// Jest Snapshot v1, https://goo.gl/fbAQLP

exports[`renders a .instructions by default 1`] = `
<div>
  <div
    className="instructions"
  >
    <p
      className="info"
    >
      Done! Your report was sent perfectly. 
    </p>
  </div>
</div>
`;
